angelic_war_64.pf2 -> Font name: Angelic War Regular 64
angelic_war_48.pf2 -> Font name: Angelic War Regular 48
decibel_64.pf2 -> Font name: Decibel Regular 64
decibel_48.pf2 -> Font name: Decibel Regular 48
fairy_dust_b_64.pf2 -> Font name: FairydustB Regular 64
fairy_dust_b_48.pf2 -> Font name: FairydustB Regular 48
leaf_1_64.pf2 -> Font name: leaf1 Regular 64
leaf_1_48.pf2 -> Font name: leaf1 Regular 48
leaf_1_32.pf2 -> Font name: leaf1 Regular 32
leaf_1_24.pf2 -> Font name: leaf1 Regular 24
miama_64.pf2 -> Font name: Miama Italic 64
miama_48.pf2 -> Font name: Miama Italic 48
post-it_pen_script_64.pf2 -> Font name: Post-it Pen Script Regular 64
post-it_pen_script_48.pf2 -> Font name: Post-it Pen Script Regular 48
special_type_64.pf2 -> Font name: Special Type Italic 64
special_type_48.pf2 -> Font name: Special Type Italic 48
vtks_black_64.pf2 -> Font name: Vtks Black Regular 64
vtks_black_48.pf2 -> Font name: Vtks Black Regular 48
when_it_rains_64.pf2 -> Font name: when it rains Regular 64
when_it_rains_48.pf2 -> Font name: when it rains Regular 48
asenine_18.pf2 -> Font name: Asenine Regular 18
eurofurence_light_18.pf2 -> Font name: eurofurence light Regular 18
existence_light_18.pf2 -> Font name: Existence Regular 18
rough_typewriter_18.pf2 -> Font name: Rough_Typewriter Regular 18
secret_code_18.pf2 -> Font name: Secret Code Regular 18

